/mnt/c/code/github/jarvis/core.jarvis.api/Middleware/InputValidationMiddleware.cs(120,42): warning CS1998: This async method lacks 'await' operators and will run synchronously. Consider using the 'await' operator to await non-blocking API calls, or 'await Task.Run(...)' to do CPU-bound work on a background thread. [/mnt/c/code/github/jarvis/core.jarvis.api/core.jarvis.api.csproj]
/mnt/c/code/github/jarvis/core.jarvis.api/Systems/RegistrationSystem.cs(127,24): warning CS1998: This async method lacks 'await' operators and will run synchronously. Consider using the 'await' operator to await non-blocking API calls, or 'await Task.Run(...)' to do CPU-bound work on a background thread. [/mnt/c/code/github/jarvis/core.jarvis.api/core.jarvis.api.csproj]
/mnt/c/code/github/jarvis/core.jarvis.api/Functions/Security/AuthFunction.cs(98,85): warning CS8604: Possible null reference argument for parameter 'value' in 'RefreshTokenRequest? JsonConvert.DeserializeObject<RefreshTokenRequest>(string value)'. [/mnt/c/code/github/jarvis/core.jarvis.api/core.jarvis.api.csproj]
/mnt/c/code/github/jarvis/core.jarvis.api/Functions/Security/RoleFunction.cs(89,57): warning CS8604: Possible null reference argument for parameter 'json' in 'Role? JsonSerializer.Deserialize<Role>(string json, JsonSerializerOptions? options = null)'. [/mnt/c/code/github/jarvis/core.jarvis.api/core.jarvis.api.csproj]
/mnt/c/code/github/jarvis/core.jarvis.api/Functions/Security/AccountFunction.cs(179,77): warning CS8604: Possible null reference argument for parameter 'json' in 'SecurityProfile? JsonSerializer.Deserialize<SecurityProfile>(string json, JsonSerializerOptions? options = null)'. [/mnt/c/code/github/jarvis/core.jarvis.api/core.jarvis.api.csproj]
/mnt/c/code/github/jarvis/core.jarvis.api/Functions/Security/AuthFunction.cs(146,87): warning CS8604: Possible null reference argument for parameter 'value' in 'ValidateTokenRequest? JsonConvert.DeserializeObject<ValidateTokenRequest>(string value)'. [/mnt/c/code/github/jarvis/core.jarvis.api/core.jarvis.api.csproj]
/mnt/c/code/github/jarvis/core.jarvis.api/Functions/Security/RoleFunction.cs(141,63): warning CS8604: Possible null reference argument for parameter 'json' in 'Role? JsonSerializer.Deserialize<Role>(string json, JsonSerializerOptions? options = null)'. [/mnt/c/code/github/jarvis/core.jarvis.api/core.jarvis.api.csproj]
/mnt/c/code/github/jarvis/core.jarvis.api/Functions/Security/NavigationFunction.cs(161,70): warning CS8604: Possible null reference argument for parameter 'json' in 'NavigationItem? JsonSerializer.Deserialize<NavigationItem>(string json, JsonSerializerOptions? options = null)'. [/mnt/c/code/github/jarvis/core.jarvis.api/core.jarvis.api.csproj]
Unhandled exception. System.InvalidOperationException: The gRPC channel URI 'http://:' could not be parsed.
   at Microsoft.Extensions.DependencyInjection.GrpcServiceCollectionExtensions.GetFunctionsHostGrpcUri(IConfiguration configuration) in D:\a\_work\1\s\src\DotNetWorker.Grpc\GrpcServiceCollectionExtensions.cs:line 97
   at Microsoft.Extensions.DependencyInjection.GrpcServiceCollectionExtensions.<>c.<AddGrpc>b__1_3(GrpcWorkerStartupOptions grpcWorkerStartupOption, IConfiguration config) in D:\a\_work\1\s\src\DotNetWorker.Grpc\GrpcServiceCollectionExtensions.cs:line 72
   at Microsoft.Extensions.Options.OptionsFactory`1.Create(String name)
   at Microsoft.Extensions.Options.UnnamedOptionsManager`1.get_Value()
   at Microsoft.Azure.Functions.Worker.Grpc.GrpcWorkerClientFactory..ctor(GrpcHostChannel outputChannel, IOptions`1 startupOptions) in D:\a\_work\1\s\src\DotNetWorker.Grpc\GrpcWorkerClientFactory.cs:line 29
   at System.RuntimeMethodHandle.InvokeMethod(Object target, Void** arguments, Signature sig, Boolean isConstructor)
   at System.Reflection.MethodBaseInvoker.InvokeDirectByRefWithFewArgs(Object obj, Span`1 copyOfArgs, BindingFlags invokeAttr)
   at System.Reflection.MethodBaseInvoker.InvokeWithFewArgs(Object obj, BindingFlags invokeAttr, Binder binder, Object[] parameters, CultureInfo culture)
   at Microsoft.Extensions.DependencyInjection.ServiceLookup.CallSiteRuntimeResolver.VisitRootCache(ServiceCallSite callSite, RuntimeResolverContext context)
   at Microsoft.Extensions.DependencyInjection.ServiceLookup.CallSiteVisitor`2.VisitCallSite(ServiceCallSite callSite, TArgument argument)
   at Microsoft.Extensions.DependencyInjection.ServiceLookup.CallSiteRuntimeResolver.VisitConstructor(ConstructorCallSite constructorCallSite, RuntimeResolverContext context)
   at Microsoft.Extensions.DependencyInjection.ServiceLookup.CallSiteRuntimeResolver.VisitRootCache(ServiceCallSite callSite, RuntimeResolverContext context)
   at Microsoft.Extensions.DependencyInjection.ServiceLookup.CallSiteVisitor`2.VisitCallSite(ServiceCallSite callSite, TArgument argument)
   at Microsoft.Extensions.DependencyInjection.ServiceLookup.CallSiteRuntimeResolver.VisitConstructor(ConstructorCallSite constructorCallSite, RuntimeResolverContext context)
   at Microsoft.Extensions.DependencyInjection.ServiceLookup.CallSiteRuntimeResolver.VisitRootCache(ServiceCallSite callSite, RuntimeResolverContext context)
   at Microsoft.Extensions.DependencyInjection.ServiceLookup.CallSiteVisitor`2.VisitCallSite(ServiceCallSite callSite, TArgument argument)
   at Microsoft.Extensions.DependencyInjection.ServiceLookup.CallSiteRuntimeResolver.VisitIEnumerable(IEnumerableCallSite enumerableCallSite, RuntimeResolverContext context)
   at Microsoft.Extensions.DependencyInjection.ServiceLookup.CallSiteRuntimeResolver.VisitRootCache(ServiceCallSite callSite, RuntimeResolverContext context)
   at Microsoft.Extensions.DependencyInjection.ServiceLookup.CallSiteVisitor`2.VisitCallSite(ServiceCallSite callSite, TArgument argument)
   at Microsoft.Extensions.DependencyInjection.ServiceLookup.CallSiteRuntimeResolver.Resolve(ServiceCallSite callSite, ServiceProviderEngineScope scope)
   at Microsoft.Extensions.DependencyInjection.ServiceProvider.CreateServiceAccessor(ServiceIdentifier serviceIdentifier)
   at System.Collections.Concurrent.ConcurrentDictionary`2.GetOrAdd(TKey key, Func`2 valueFactory)
   at Microsoft.Extensions.DependencyInjection.ServiceProvider.GetService(ServiceIdentifier serviceIdentifier, ServiceProviderEngineScope serviceProviderEngineScope)
   at Microsoft.Extensions.DependencyInjection.ServiceProvider.GetService(Type serviceType)
   at Microsoft.Extensions.DependencyInjection.ServiceProviderServiceExtensions.GetRequiredService(IServiceProvider provider, Type serviceType)
   at Microsoft.Extensions.DependencyInjection.ServiceProviderServiceExtensions.GetRequiredService[T](IServiceProvider provider)
   at Microsoft.Extensions.Hosting.Internal.Host.StartAsync(CancellationToken cancellationToken)
   at Microsoft.Extensions.Hosting.HostingAbstractionsHostExtensions.RunAsync(IHost host, CancellationToken token)
   at Microsoft.Extensions.Hosting.HostingAbstractionsHostExtensions.RunAsync(IHost host, CancellationToken token)
   at Microsoft.Extensions.Hosting.HostingAbstractionsHostExtensions.Run(IHost host)
   at Program.<Main>$(String[] args) in /mnt/c/code/github/jarvis/core.jarvis.api/Program.cs:line 41
