MSBuild version 17.8.31+af11d4f25 for .NET
  Determining projects to restore...
  All projects are up-to-date for restore.
  core.jarvis.data -> /mnt/c/code/risksec/jarvis/core.jarvis.api/bin/output/core.jarvis.data.dll
  core.jarvis -> /mnt/c/code/risksec/jarvis/core.jarvis.api/bin/output/core.jarvis.dll
  core.jarvis.api -> /mnt/c/code/risksec/jarvis/core.jarvis.api/bin/output/core.jarvis.api.dll
  Determining projects to restore...
  Restored /tmp/r4aabxw0.voz/WorkerExtensions.csproj (in 404 ms).
  WorkerExtensions -> /tmp/r4aabxw0.voz/buildout/Microsoft.Azure.Functions.Worker.Extensions.dll

Build succeeded.
    0 Warning(s)
    0 Error(s)

Time Elapsed 00:00:07.57



Azure Functions Core Tools
Core Tools Version:       4.1.0+7ff2567e43c1ae7471cea7394452c1447661e175 (64-bit)
Function Runtime Version: 4.1040.300.25317

[2025-07-29T19:51:21.081Z] Found /mnt/c/code/risksec/jarvis/core.jarvis.api/core.jarvis.api.csproj. Using for user secrets file configuration.
[2025-07-29T19:51:21.405Z] Building host: version spec: , startup suppressed: 'False', configuration suppressed: 'False', startup operation id: 'a3cd1d3b-1c83-452e-8303-bd9ea9965cbb'
[2025-07-29T19:51:21.453Z] Reading host configuration file '/mnt/c/code/risksec/jarvis/core.jarvis.api/bin/output/host.json'
[2025-07-29T19:51:21.454Z] Host configuration file read:
[2025-07-29T19:51:21.455Z] {
[2025-07-29T19:51:21.455Z]   "version": "2.0",
[2025-07-29T19:51:21.455Z]   "logging": {
[2025-07-29T19:51:21.456Z]     "applicationInsights": {
[2025-07-29T19:51:21.456Z]       "samplingSettings": {
[2025-07-29T19:51:21.456Z]         "isEnabled": true,
[2025-07-29T19:51:21.457Z]         "excludedTypes": "Request"
[2025-07-29T19:51:21.457Z]       },
[2025-07-29T19:51:21.457Z]       "enableLiveMetricsFilters": true
[2025-07-29T19:51:21.458Z]     },
[2025-07-29T19:51:21.458Z]     "logLevel": {
[2025-07-29T19:51:21.459Z]       "default": "Information",
[2025-07-29T19:51:21.459Z]       "Host.Results": "Error",
[2025-07-29T19:51:21.459Z]       "Function": "Information",
[2025-07-29T19:51:21.459Z]       "Host.Aggregator": "Trace"
[2025-07-29T19:51:21.460Z]     }
[2025-07-29T19:51:21.460Z]   },
[2025-07-29T19:51:21.460Z]   "extensions": {
[2025-07-29T19:51:21.461Z]     "http": {
[2025-07-29T19:51:21.461Z]       "routePrefix": "api",
[2025-07-29T19:51:21.461Z]       "maxConcurrentRequests": 100,
[2025-07-29T19:51:21.461Z]       "maxOutstandingRequests": 200,
[2025-07-29T19:51:21.462Z]       "dynamicThrottlesEnabled": true
[2025-07-29T19:51:21.462Z]     }
[2025-07-29T19:51:21.463Z]   },
[2025-07-29T19:51:21.463Z]   "functionTimeout": "00:05:00"
[2025-07-29T19:51:21.464Z] }
[2025-07-29T19:51:21.486Z] Extension Bundle not loaded. Loading extensions from /mnt/c/code/risksec/jarvis/core.jarvis.api/bin/output. BundleConfigured: False, PrecompiledFunctionApp: False, LegacyBundle: False, DotnetIsolatedApp: True, isLogicApp: False
[2025-07-29T19:51:21.487Z] Script Startup resetting load context with base path: '/mnt/c/code/risksec/jarvis/core.jarvis.api/bin/output/.azurefunctions'.
[2025-07-29T19:51:21.491Z] Loading startup extension 'Startup'
[2025-07-29T19:51:21.544Z] Loaded extension 'Startup' (1.0.0.0)
[2025-07-29T19:51:21.568Z] Reading host configuration file '/mnt/c/code/risksec/jarvis/core.jarvis.api/bin/output/host.json'
[2025-07-29T19:51:21.568Z] Host configuration file read:
[2025-07-29T19:51:21.569Z] {
[2025-07-29T19:51:21.570Z]   "version": "2.0",
[2025-07-29T19:51:21.570Z]   "logging": {
[2025-07-29T19:51:21.571Z]     "applicationInsights": {
[2025-07-29T19:51:21.571Z]       "samplingSettings": {
[2025-07-29T19:51:21.572Z]         "isEnabled": true,
[2025-07-29T19:51:21.572Z]         "excludedTypes": "Request"
[2025-07-29T19:51:21.572Z]       },
[2025-07-29T19:51:21.573Z]       "enableLiveMetricsFilters": true
[2025-07-29T19:51:21.573Z]     },
[2025-07-29T19:51:21.574Z]     "logLevel": {
[2025-07-29T19:51:21.574Z]       "default": "Information",
[2025-07-29T19:51:21.574Z]       "Host.Results": "Error",
[2025-07-29T19:51:21.575Z]       "Function": "Information",
[2025-07-29T19:51:21.575Z]       "Host.Aggregator": "Trace"
[2025-07-29T19:51:21.575Z]     }
[2025-07-29T19:51:21.576Z]   },
[2025-07-29T19:51:21.576Z]   "extensions": {
[2025-07-29T19:51:21.577Z]     "http": {
[2025-07-29T19:51:21.577Z]       "routePrefix": "api",
[2025-07-29T19:51:21.577Z]       "maxConcurrentRequests": 100,
[2025-07-29T19:51:21.578Z]       "maxOutstandingRequests": 200,
[2025-07-29T19:51:21.578Z]       "dynamicThrottlesEnabled": true
[2025-07-29T19:51:21.578Z]     }
[2025-07-29T19:51:21.579Z]   },
[2025-07-29T19:51:21.579Z]   "functionTimeout": "00:05:00"
[2025-07-29T19:51:21.579Z] }
[2025-07-29T19:51:21.616Z] Starting host metrics provider.
[2025-07-29T19:51:21.709Z] Initializing Warmup Extension.
[2025-07-29T19:51:21.738Z] Initializing Host. OperationId: 'a3cd1d3b-1c83-452e-8303-bd9ea9965cbb'.
[2025-07-29T19:51:21.743Z] Host initialization: ConsecutiveErrors=0, StartupCount=1, OperationId=a3cd1d3b-1c83-452e-8303-bd9ea9965cbb
[2025-07-29T19:51:21.763Z] Loading functions metadata
[2025-07-29T19:51:21.765Z] Worker indexing is enabled
[2025-07-29T19:51:21.768Z] Fetching metadata for workerRuntime: dotnet-isolated
[2025-07-29T19:51:21.769Z] Reading functions metadata (Worker)
[2025-07-29T19:51:22.346Z] {
[2025-07-29T19:51:22.347Z]   "ProcessId": 38253,
[2025-07-29T19:51:22.347Z]   "RuntimeIdentifier": "ubuntu.24.04-x64",
[2025-07-29T19:51:22.348Z]   "WorkerVersion": "1.17.0.0",
[2025-07-29T19:51:22.348Z]   "ProductVersion": "1.17.0\u002B8a4944ddc2956da7182833ce4917d8fb1d72d316",
[2025-07-29T19:51:22.348Z]   "FrameworkDescription": ".NET 8.0.18",
[2025-07-29T19:51:22.349Z]   "OSDescription": "Ubuntu 24.04.2 LTS",
[2025-07-29T19:51:22.349Z]   "OSArchitecture": "X64",
[2025-07-29T19:51:22.349Z]   "CommandLine": "/mnt/c/code/risksec/jarvis/core.jarvis.api/bin/output/core.jarvis.api.dll --host 127.0.0.1 --port 35137 --workerId 2cbff915-2758-4117-ac67-a14bdb79039f --requestId a6949df4-f287-405b-8f62-31e3df1715e0 --grpcMaxMessageLength 2147483647 --functions-uri http://127.0.0.1:35137/ --functions-worker-id 2cbff915-2758-4117-ac67-a14bdb79039f --functions-request-id a6949df4-f287-405b-8f62-31e3df1715e0 --functions-grpc-max-message-length 2147483647"
[2025-07-29T19:51:22.350Z] }
[2025-07-29T19:51:22.469Z] 23 functions found (Worker)
[2025-07-29T19:51:22.480Z] Reading functions metadata (Custom)
[2025-07-29T19:51:22.487Z] 0 functions found (Custom)
[2025-07-29T19:51:22.493Z] 23 functions loaded
[2025-07-29T19:51:22.497Z] [05:51:22 INF] Microsoft.Hosting.Lifetime Application started. Press Ctrl+C to shut down. {"ThreadId": 15, "MachineName": "DESKTOP-6PTDT3G", "EnvironmentName": "Test"}
[2025-07-29T19:51:22.499Z] [05:51:22 INF] Microsoft.Hosting.Lifetime Hosting environment: Development {"ThreadId": 15, "MachineName": "DESKTOP-6PTDT3G", "EnvironmentName": "Test"}
[2025-07-29T19:51:22.500Z] [05:51:22 INF] Microsoft.Hosting.Lifetime Content root path: /mnt/c/code/risksec/jarvis/core.jarvis.api/bin/output/ {"ThreadId": 15, "MachineName": "DESKTOP-6PTDT3G", "EnvironmentName": "Test"}
[2025-07-29T19:51:22.504Z] LoggerFilterOptions
[2025-07-29T19:51:22.505Z] {
[2025-07-29T19:51:22.505Z]   "MinLevel": "None",
[2025-07-29T19:51:22.506Z]   "Rules": [
[2025-07-29T19:51:22.506Z]     {
[2025-07-29T19:51:22.507Z]       "ProviderName": null,
[2025-07-29T19:51:22.507Z]       "CategoryName": "Microsoft.Hosting.Lifetime",
[2025-07-29T19:51:22.508Z]       "LogLevel": "None",
[2025-07-29T19:51:22.509Z]       "Filter": null
[2025-07-29T19:51:22.509Z]     },
[2025-07-29T19:51:22.510Z]     {
[2025-07-29T19:51:22.510Z]       "ProviderName": "Azure.Functions.Cli.Diagnostics.ColoredConsoleLoggerProvider",
[2025-07-29T19:51:22.511Z]       "CategoryName": null,
[2025-07-29T19:51:22.511Z]       "LogLevel": "None",
[2025-07-29T19:51:22.511Z]       "Filter": null
[2025-07-29T19:51:22.512Z]     },
[2025-07-29T19:51:22.512Z]     {
[2025-07-29T19:51:22.513Z]       "ProviderName": "Azure.Functions.Cli.Diagnostics.ColoredConsoleLoggerProvider",
[2025-07-29T19:51:22.513Z]       "CategoryName": null,
[2025-07-29T19:51:22.514Z]       "LogLevel": null,
[2025-07-29T19:51:22.514Z]       "Filter": "<AddFilter>b__0"
[2025-07-29T19:51:22.515Z]     },
[2025-07-29T19:51:22.515Z]     {
[2025-07-29T19:51:22.516Z]       "ProviderName": null,
[2025-07-29T19:51:22.516Z]       "CategoryName": null,
[2025-07-29T19:51:22.517Z]       "LogLevel": null,
[2025-07-29T19:51:22.517Z]       "Filter": "<AddFilter>b__0"
[2025-07-29T19:51:22.517Z]     },
[2025-07-29T19:51:22.518Z]     {
[2025-07-29T19:51:22.518Z]       "ProviderName": null,
[2025-07-29T19:51:22.519Z]       "CategoryName": null,
[2025-07-29T19:51:22.520Z]       "LogLevel": null,
[2025-07-29T19:51:22.520Z]       "Filter": "<AddFilter>b__0"
[2025-07-29T19:51:22.521Z]     },
[2025-07-29T19:51:22.521Z]     {
[2025-07-29T19:51:22.521Z]       "ProviderName": null,
[2025-07-29T19:51:22.522Z]       "CategoryName": "Host.Results",
[2025-07-29T19:51:22.522Z]       "LogLevel": "Error",
[2025-07-29T19:51:22.523Z]       "Filter": null
[2025-07-29T19:51:22.523Z]     },
[2025-07-29T19:51:22.523Z]     {
[2025-07-29T19:51:22.524Z]       "ProviderName": null,
[2025-07-29T19:51:22.524Z]       "CategoryName": "Host.Aggregator",
[2025-07-29T19:51:22.525Z]       "LogLevel": "Trace",
[2025-07-29T19:51:22.525Z]       "Filter": null
[2025-07-29T19:51:22.526Z]     },
[2025-07-29T19:51:22.526Z]     {
[2025-07-29T19:51:22.526Z]       "ProviderName": null,
[2025-07-29T19:51:22.527Z]       "CategoryName": "Function",
[2025-07-29T19:51:22.527Z]       "LogLevel": "Information",
[2025-07-29T19:51:22.527Z]       "Filter": null
[2025-07-29T19:51:22.527Z]     },
[2025-07-29T19:51:22.528Z]     {
[2025-07-29T19:51:22.528Z]       "ProviderName": null,
[2025-07-29T19:51:22.528Z]       "CategoryName": null,
[2025-07-29T19:51:22.528Z]       "LogLevel": "Information",
[2025-07-29T19:51:22.529Z]       "Filter": null
[2025-07-29T19:51:22.529Z]     },
[2025-07-29T19:51:22.529Z]     {
[2025-07-29T19:51:22.530Z]       "ProviderName": "Microsoft.Azure.WebJobs.Script.WebHost.Diagnostics.SystemLoggerProvider",
[2025-07-29T19:51:22.530Z]       "CategoryName": null,
[2025-07-29T19:51:22.530Z]       "LogLevel": "None",
[2025-07-29T19:51:22.531Z]       "Filter": null
[2025-07-29T19:51:22.531Z]     },
[2025-07-29T19:51:22.531Z]     {
[2025-07-29T19:51:22.532Z]       "ProviderName": "Microsoft.Azure.WebJobs.Script.WebHost.Diagnostics.SystemLoggerProvider",
[2025-07-29T19:51:22.532Z]       "CategoryName": null,
[2025-07-29T19:51:22.532Z]       "LogLevel": null,
[2025-07-29T19:51:22.533Z]       "Filter": "<AddFilter>b__0"
[2025-07-29T19:51:22.533Z]     },
[2025-07-29T19:51:22.533Z]     {
[2025-07-29T19:51:22.534Z]       "ProviderName": "Azure.Functions.Cli.Diagnostics.ColoredConsoleLoggerProvider",
[2025-07-29T19:51:22.534Z]       "CategoryName": null,
[2025-07-29T19:51:22.534Z]       "LogLevel": null,
[2025-07-29T19:51:22.535Z]       "Filter": "<AddFilter>b__0"
[2025-07-29T19:51:22.535Z]     }
[2025-07-29T19:51:22.535Z]   ]
[2025-07-29T19:51:22.536Z] }
[2025-07-29T19:51:22.536Z] LoggerFilterOptions
[2025-07-29T19:51:22.537Z] {
[2025-07-29T19:51:22.537Z]   "MinLevel": "None",
[2025-07-29T19:51:22.537Z]   "Rules": [
[2025-07-29T19:51:22.537Z]     {
[2025-07-29T19:51:22.538Z]       "ProviderName": null,
[2025-07-29T19:51:22.538Z]       "CategoryName": "Microsoft.Hosting.Lifetime",
[2025-07-29T19:51:22.538Z]       "LogLevel": "None",
[2025-07-29T19:51:22.539Z]       "Filter": null
[2025-07-29T19:51:22.539Z]     },
[2025-07-29T19:51:22.539Z]     {
[2025-07-29T19:51:22.540Z]       "ProviderName": "Azure.Functions.Cli.Diagnostics.ColoredConsoleLoggerProvider",
[2025-07-29T19:51:22.540Z]       "CategoryName": null,
[2025-07-29T19:51:22.540Z]       "LogLevel": "None",
[2025-07-29T19:51:22.541Z]       "Filter": null
[2025-07-29T19:51:22.541Z]     },
[2025-07-29T19:51:22.542Z]     {
[2025-07-29T19:51:22.542Z]       "ProviderName": "Azure.Functions.Cli.Diagnostics.ColoredConsoleLoggerProvider",
[2025-07-29T19:51:22.542Z]       "CategoryName": null,
[2025-07-29T19:51:22.543Z]       "LogLevel": null,
[2025-07-29T19:51:22.543Z]       "Filter": "<AddFilter>b__0"
[2025-07-29T19:51:22.543Z]     },
[2025-07-29T19:51:22.543Z]     {
[2025-07-29T19:51:22.544Z]       "ProviderName": null,
[2025-07-29T19:51:22.544Z]       "CategoryName": null,
[2025-07-29T19:51:22.544Z]       "LogLevel": null,
[2025-07-29T19:51:22.545Z]       "Filter": "<AddFilter>b__0"
[2025-07-29T19:51:22.545Z]     },
[2025-07-29T19:51:22.546Z]     {
[2025-07-29T19:51:22.546Z]       "ProviderName": null,
[2025-07-29T19:51:22.547Z]       "CategoryName": null,
[2025-07-29T19:51:22.547Z]       "LogLevel": null,
[2025-07-29T19:51:22.547Z]       "Filter": "<AddFilter>b__0"
[2025-07-29T19:51:22.548Z]     },
[2025-07-29T19:51:22.548Z]     {
[2025-07-29T19:51:22.549Z]       "ProviderName": null,
[2025-07-29T19:51:22.549Z]       "CategoryName": "Host.Results",
[2025-07-29T19:51:22.550Z]       "LogLevel": "Error",
[2025-07-29T19:51:22.550Z]       "Filter": null
[2025-07-29T19:51:22.550Z]     },
[2025-07-29T19:51:22.551Z]     {
[2025-07-29T19:51:22.551Z]       "ProviderName": null,
[2025-07-29T19:51:22.552Z]       "CategoryName": "Host.Aggregator",
[2025-07-29T19:51:22.552Z]       "LogLevel": "Trace",
[2025-07-29T19:51:22.552Z]       "Filter": null
[2025-07-29T19:51:22.553Z]     },
[2025-07-29T19:51:22.553Z]     {
[2025-07-29T19:51:22.553Z]       "ProviderName": null,
[2025-07-29T19:51:22.554Z]       "CategoryName": "Function",
[2025-07-29T19:51:22.554Z]       "LogLevel": "Information",
[2025-07-29T19:51:22.555Z]       "Filter": null
[2025-07-29T19:51:22.555Z]     },
[2025-07-29T19:51:22.555Z]     {
[2025-07-29T19:51:22.556Z]       "ProviderName": null,
[2025-07-29T19:51:22.556Z]       "CategoryName": null,
[2025-07-29T19:51:22.556Z]       "LogLevel": "Information",
[2025-07-29T19:51:22.557Z]       "Filter": null
[2025-07-29T19:51:22.557Z]     },
[2025-07-29T19:51:22.557Z]     {
[2025-07-29T19:51:22.557Z]       "ProviderName": "Microsoft.Azure.WebJobs.Script.WebHost.Diagnostics.SystemLoggerProvider",
[2025-07-29T19:51:22.558Z]       "CategoryName": null,
[2025-07-29T19:51:22.558Z]       "LogLevel": "None",
[2025-07-29T19:51:22.559Z]       "Filter": null
[2025-07-29T19:51:22.559Z]     },
[2025-07-29T19:51:22.559Z]     {
[2025-07-29T19:51:22.560Z]       "ProviderName": "Microsoft.Azure.WebJobs.Script.WebHost.Diagnostics.SystemLoggerProvider",
[2025-07-29T19:51:22.560Z]       "CategoryName": null,
[2025-07-29T19:51:22.560Z]       "LogLevel": null,
[2025-07-29T19:51:22.561Z]       "Filter": "<AddFilter>b__0"
[2025-07-29T19:51:22.561Z]     },
[2025-07-29T19:51:22.561Z]     {
[2025-07-29T19:51:22.562Z]       "ProviderName": "Azure.Functions.Cli.Diagnostics.ColoredConsoleLoggerProvider",
[2025-07-29T19:51:22.562Z]       "CategoryName": null,
[2025-07-29T19:51:22.563Z]       "LogLevel": null,
[2025-07-29T19:51:22.563Z]       "Filter": "<AddFilter>b__0"
[2025-07-29T19:51:22.563Z]     }
[2025-07-29T19:51:22.564Z]   ]
[2025-07-29T19:51:22.564Z] }
[2025-07-29T19:51:22.565Z] FunctionResultAggregatorOptions
[2025-07-29T19:51:22.565Z] {
[2025-07-29T19:51:22.566Z]   "BatchSize": 1000,
[2025-07-29T19:51:22.566Z]   "FlushTimeout": "00:00:30",
[2025-07-29T19:51:22.567Z]   "IsEnabled": true
[2025-07-29T19:51:22.567Z] }
[2025-07-29T19:51:22.568Z] ConcurrencyOptions
[2025-07-29T19:51:22.568Z] {
[2025-07-29T19:51:22.568Z]   "DynamicConcurrencyEnabled": false,
[2025-07-29T19:51:22.569Z]   "MaximumFunctionConcurrency": 500,
[2025-07-29T19:51:22.569Z]   "CPUThreshold": 0.8,
[2025-07-29T19:51:22.570Z]   "SnapshotPersistenceEnabled": true
[2025-07-29T19:51:22.571Z] }
[2025-07-29T19:51:22.571Z] SingletonOptions
[2025-07-29T19:51:22.571Z] {
[2025-07-29T19:51:22.572Z]   "LockPeriod": "00:00:15",
[2025-07-29T19:51:22.573Z]   "ListenerLockPeriod": "00:00:15",
[2025-07-29T19:51:22.573Z]   "LockAcquisitionTimeout": "10675199.02:48:05.4775807",
[2025-07-29T19:51:22.574Z]   "LockAcquisitionPollingInterval": "00:00:05",
[2025-07-29T19:51:22.574Z]   "ListenerLockRecoveryPollingInterval": "00:01:00"
[2025-07-29T19:51:22.574Z] }
[2025-07-29T19:51:22.575Z] ScaleOptions
[2025-07-29T19:51:22.575Z] {
[2025-07-29T19:51:22.575Z]   "ScaleMetricsMaxAge": "00:02:00",
[2025-07-29T19:51:22.576Z]   "ScaleMetricsSampleInterval": "00:00:10",
[2025-07-29T19:51:22.576Z]   "MetricsPurgeEnabled": true,
[2025-07-29T19:51:22.576Z]   "IsTargetScalingEnabled": true,
[2025-07-29T19:51:22.576Z]   "IsRuntimeScalingEnabled": false
[2025-07-29T19:51:22.577Z] }
[2025-07-29T19:51:22.578Z] Starting JobHost
[2025-07-29T19:51:22.581Z] Starting Host (HostId=desktop6ptdt3g-687490707, InstanceId=9560b05a-b9d4-44d9-a07c-4fd41d920555, Version=4.1040.300.25317, ProcessId=38071, AppDomainId=1, InDebugMode=False, InDiagnosticMode=False, FunctionsExtensionVersion=(null))
[2025-07-29T19:51:22.611Z] Generating 23 job function(s)
[2025-07-29T19:51:22.612Z] Worker process started and initialized.
[2025-07-29T19:51:22.661Z] Found the following functions:
[2025-07-29T19:51:22.662Z] Host.Functions.auth
[2025-07-29T19:51:22.662Z] Host.Functions.authRefresh
[2025-07-29T19:51:22.663Z] Host.Functions.authValidate
[2025-07-29T19:51:22.663Z] Host.Functions.CreateRole
[2025-07-29T19:51:22.663Z] Host.Functions.CreateRoleExample
[2025-07-29T19:51:22.664Z] Host.Functions.deauth
[2025-07-29T19:51:22.664Z] Host.Functions.DeleteRoleExample
[2025-07-29T19:51:22.664Z] Host.Functions.EnsureDefaultRoles
[2025-07-29T19:51:22.664Z] Host.Functions.ExecuteGraphQL
[2025-07-29T19:51:22.665Z] Host.Functions.GetCurrentUser
[2025-07-29T19:51:22.665Z] Host.Functions.GetRoles
[2025-07-29T19:51:22.665Z] Host.Functions.GetRolesExample
[2025-07-29T19:51:22.666Z] Host.Functions.GetRolesWithOrPermissionExample
[2025-07-29T19:51:22.666Z] Host.Functions.GetUserNavigation
[2025-07-29T19:51:22.666Z] Host.Functions.RegisterUser
[2025-07-29T19:51:22.667Z] Host.Functions.RenderOAuth2Redirect
[2025-07-29T19:51:22.667Z] Host.Functions.RenderOpenApiDocument
[2025-07-29T19:51:22.667Z] Host.Functions.RenderSwaggerDocument
[2025-07-29T19:51:22.668Z] Host.Functions.RenderSwaggerUI
[2025-07-29T19:51:22.668Z] Host.Functions.UpdateRole
[2025-07-29T19:51:22.668Z] Host.Functions.UpdateRoleExample
[2025-07-29T19:51:22.669Z] Host.Functions.UpdateUserProfile
[2025-07-29T19:51:22.669Z] Host.Functions.validate
[2025-07-29T19:51:22.669Z] 
[2025-07-29T19:51:22.676Z] HttpOptions
[2025-07-29T19:51:22.676Z] {
[2025-07-29T19:51:22.677Z] Initializing function HTTP routes
[2025-07-29T19:51:22.677Z] Mapped function route 'api/security/auth' [post] to 'auth'
[2025-07-29T19:51:22.677Z]   "DynamicThrottlesEnabled": true,
[2025-07-29T19:51:22.678Z] Mapped function route 'api/security/refresh' [post] to 'authRefresh'
[2025-07-29T19:51:22.679Z] Mapped function route 'api/security/validate' [post] to 'authValidate'
[2025-07-29T19:51:22.679Z] Mapped function route 'api/security/roles' [post] to 'CreateRole'
[2025-07-29T19:51:22.679Z] Mapped function route 'api/security/roles/example' [post] to 'CreateRoleExample'
[2025-07-29T19:51:22.680Z] Mapped function route 'api/security/deauth' [post] to 'deauth'
[2025-07-29T19:51:22.680Z] Mapped function route 'api/security/roles/example/{roleId}' [delete] to 'DeleteRoleExample'
[2025-07-29T19:51:22.680Z] Mapped function route 'api/security/roles/ensure-defaults' [post] to 'EnsureDefaultRoles'
[2025-07-29T19:51:22.681Z] Mapped function route 'api/graphql' [post] to 'ExecuteGraphQL'
[2025-07-29T19:51:22.681Z] Mapped function route 'api/accounts/me' [get] to 'GetCurrentUser'
[2025-07-29T19:51:22.682Z] Mapped function route 'api/security/roles' [get] to 'GetRoles'
[2025-07-29T19:51:22.678Z]   "EnableChunkedRequestBinding": false,
[2025-07-29T19:51:22.682Z] Mapped function route 'api/security/roles/example' [get] to 'GetRolesExample'
[2025-07-29T19:51:22.682Z]   "MaxConcurrentRequests": 100,
[2025-07-29T19:51:22.683Z] Mapped function route 'api/security/roles/example/public' [get] to 'GetRolesWithOrPermissionExample'
[2025-07-29T19:51:22.683Z]   "MaxOutstandingRequests": 200,
[2025-07-29T19:51:22.684Z] Mapped function route 'api/accounts/navigation' [get] to 'GetUserNavigation'
[2025-07-29T19:51:22.684Z]   "RoutePrefix": "api"
[2025-07-29T19:51:22.685Z] Mapped function route 'api/auth/register' [post] to 'RegisterUser'
[2025-07-29T19:51:22.685Z] Mapped function route 'api/oauth2-redirect.html' [GET] to 'RenderOAuth2Redirect'
[2025-07-29T19:51:22.685Z] }
[2025-07-29T19:51:22.686Z] Mapped function route 'api/openapi/{version}.{extension}' [GET] to 'RenderOpenApiDocument'
[2025-07-29T19:51:22.687Z] Mapped function route 'api/swagger.{extension}' [GET] to 'RenderSwaggerDocument'
[2025-07-29T19:51:22.687Z] Mapped function route 'api/swagger/ui' [GET] to 'RenderSwaggerUI'
[2025-07-29T19:51:22.688Z] Mapped function route 'api/security/roles/{roleId}' [put] to 'UpdateRole'
[2025-07-29T19:51:22.688Z] Mapped function route 'api/security/roles/example/{roleId}' [put] to 'UpdateRoleExample'
[2025-07-29T19:51:22.689Z] Mapped function route 'api/accounts/me' [put] to 'UpdateUserProfile'
[2025-07-29T19:51:22.689Z] Mapped function route 'api/security/validate' [get] to 'validate'
[2025-07-29T19:51:22.689Z] 
[2025-07-29T19:51:22.694Z] Host initialized (107ms)
[2025-07-29T19:51:22.696Z] Host started (113ms)
[2025-07-29T19:51:22.696Z] Job host started

Functions:

	auth: [POST] http://localhost:7071/api/security/auth

	authRefresh: [POST] http://localhost:7071/api/security/refresh

	authValidate: [POST] http://localhost:7071/api/security/validate

	CreateRole: [POST] http://localhost:7071/api/security/roles

	CreateRoleExample: [POST] http://localhost:7071/api/security/roles/example

	deauth: [POST] http://localhost:7071/api/security/deauth

	DeleteRoleExample: [DELETE] http://localhost:7071/api/security/roles/example/{roleId}

	EnsureDefaultRoles: [POST] http://localhost:7071/api/security/roles/ensure-defaults

	ExecuteGraphQL: [POST] http://localhost:7071/api/graphql

	GetCurrentUser: [GET] http://localhost:7071/api/accounts/me

	GetRoles: [GET] http://localhost:7071/api/security/roles

	GetRolesExample: [GET] http://localhost:7071/api/security/roles/example

	GetRolesWithOrPermissionExample: [GET] http://localhost:7071/api/security/roles/example/public

	GetUserNavigation: [GET] http://localhost:7071/api/accounts/navigation

	RegisterUser: [POST] http://localhost:7071/api/auth/register

	RenderOAuth2Redirect: [GET] http://localhost:7071/api/oauth2-redirect.html

	RenderOpenApiDocument: [GET] http://localhost:7071/api/openapi/{version}.{extension}

	RenderSwaggerDocument: [GET] http://localhost:7071/api/swagger.{extension}

	RenderSwaggerUI: [GET] http://localhost:7071/api/swagger/ui

	UpdateRole: [PUT] http://localhost:7071/api/security/roles/{roleId}

	UpdateRoleExample: [PUT] http://localhost:7071/api/security/roles/example/{roleId}

	UpdateUserProfile: [PUT] http://localhost:7071/api/accounts/me

	validate: [GET] http://localhost:7071/api/security/validate

For detailed output, run func with --verbose flag.
[2025-07-29T19:53:28.537Z] Executing HTTP request: {
[2025-07-29T19:53:28.537Z]   "requestId": "8f1acd7a-4a88-4300-88d9-ae500d9867bb",
[2025-07-29T19:53:28.538Z]   "method": "POST",
[2025-07-29T19:53:28.538Z]   "userAgent": "curl/8.5.0",
[2025-07-29T19:53:28.538Z]   "uri": "/api/auth/register"
[2025-07-29T19:53:28.539Z] }
[2025-07-29T19:53:28.629Z] Executing 'Functions.RegisterUser' (Reason='This function was programmatically called via the host APIs.', Id=7a5396d1-048b-4be2-931f-e39bf97b4444)
[2025-07-29T19:53:29.345Z] [05:53:29 ERR] core.jarvis.api.Functions.Security.RegisterFunction Error during user registration {"AzureFunctions_InvocationId": "7a5396d1-048b-4be2-931f-e39bf97b4444", "AzureFunctions_FunctionName": "RegisterUser", "ThreadId": 25, "MachineName": "DESKTOP-6PTDT3G", "EnvironmentName": "Test"}
[2025-07-29T19:53:29.345Z] Npgsql.PostgresException (0x80004005): 42703: column "ip_address" does not exist
[2025-07-29T19:53:29.346Z] POSITION: 304
[2025-07-29T19:53:29.346Z]    at Npgsql.Internal.NpgsqlConnector.ReadMessageLong(Boolean async, DataRowLoadingMode dataRowLoadingMode, Boolean readingNotifications, Boolean isReadingPrependedMessage)
[2025-07-29T19:53:29.347Z]    at System.Runtime.CompilerServices.PoolingAsyncValueTaskMethodBuilder`1.StateMachineBox`1.System.Threading.Tasks.Sources.IValueTaskSource<TResult>.GetResult(Int16 token)
[2025-07-29T19:53:29.348Z]    at Npgsql.NpgsqlDataReader.NextResult(Boolean async, Boolean isConsuming, CancellationToken cancellationToken)
[2025-07-29T19:53:29.348Z]    at Npgsql.NpgsqlDataReader.NextResult(Boolean async, Boolean isConsuming, CancellationToken cancellationToken)
[2025-07-29T19:53:29.349Z]    at Npgsql.NpgsqlCommand.ExecuteReader(Boolean async, CommandBehavior behavior, CancellationToken cancellationToken)
[2025-07-29T19:53:29.349Z]    at Npgsql.NpgsqlCommand.ExecuteReader(Boolean async, CommandBehavior behavior, CancellationToken cancellationToken)
[2025-07-29T19:53:29.350Z]    at Npgsql.NpgsqlCommand.ExecuteDbDataReaderAsync(CommandBehavior behavior, CancellationToken cancellationToken)
[2025-07-29T19:53:29.350Z]    at Dapper.SqlMapper.QueryAsync[T](IDbConnection cnn, Type effectiveType, CommandDefinition command) in /_/Dapper/SqlMapper.Async.cs:line 434
[2025-07-29T19:53:29.351Z]    at core.jarvis.data.PgTable`1.ExecuteQuery(String sql) in /mnt/c/code/risksec/jarvis/core.jarvis.data/PgTable.cs:line 455
[2025-07-29T19:53:29.351Z]    at core.jarvis.data.PgTable`1.Get() in /mnt/c/code/risksec/jarvis/core.jarvis.data/PgTable.cs:line 295
[2025-07-29T19:53:29.351Z]    at core.jarvis.Data.Query.ComponentQueryHandler`1.QueryEntityIds(Expression`1 filter) in /mnt/c/code/risksec/jarvis/core.jarvis/Data/Query/ComponentQueryHandler.cs:line 71
[2025-07-29T19:53:29.352Z]    at core.jarvis.Data.Query.ComponentQueryHandler`1.core.jarvis.Data.Query.IComponentQueryHandler.QueryEntityIds(LambdaExpression filter) in /mnt/c/code/risksec/jarvis/core.jarvis/Data/Query/ComponentQueryHandler.cs:line 124
[2025-07-29T19:53:29.352Z]    at core.jarvis.Data.Query.EntityQuery.ExecuteQueryEntityIds(Type componentType, LambdaExpression filter) in /mnt/c/code/risksec/jarvis/core.jarvis/Data/Query/EntityQuery.cs:line 170
[2025-07-29T19:53:29.353Z]    at core.jarvis.Data.Query.EntityQuery.ToEntityIds() in /mnt/c/code/risksec/jarvis/core.jarvis/Data/Query/EntityQuery.cs:line 94
[2025-07-29T19:53:29.353Z]    at core.jarvis.Data.Query.EntityQuery.ToEntityComponents() in /mnt/c/code/risksec/jarvis/core.jarvis/Data/Query/EntityQuery.cs:line 141
[2025-07-29T19:53:29.353Z]    at core.jarvis.api.Handlers.AccountHandler.Register(Account accountComponent) in /mnt/c/code/risksec/jarvis/core.jarvis.api/Handlers/AccountHandler.cs:line 96
[2025-07-29T19:53:29.354Z]    at core.jarvis.api.Functions.Security.RegisterFunction.Register(HttpRequestData req) in /mnt/c/code/risksec/jarvis/core.jarvis.api/Functions/Security/RegisterFunction.cs:line 102
[2025-07-29T19:53:29.354Z]   Exception data:
[2025-07-29T19:53:29.354Z]     Severity: ERROR
[2025-07-29T19:53:29.355Z]     SqlState: 42703
[2025-07-29T19:53:29.355Z]     MessageText: column "ip_address" does not exist
[2025-07-29T19:53:29.355Z]     Position: 304
[2025-07-29T19:53:29.356Z]     File: parse_relation.c
[2025-07-29T19:53:29.356Z]     Line: 3651
[2025-07-29T19:53:29.357Z]     Routine: errorMissingColumn
[2025-07-29T19:53:29.393Z] Executed 'Functions.RegisterUser' (Succeeded, Id=7a5396d1-048b-4be2-931f-e39bf97b4444, Duration=783ms)
[2025-07-29T19:53:29.408Z] Executed HTTP request: {
[2025-07-29T19:53:29.409Z]   "requestId": "8f1acd7a-4a88-4300-88d9-ae500d9867bb",
[2025-07-29T19:53:29.409Z]   "identities": "",
[2025-07-29T19:53:29.410Z]   "status": "500",
[2025-07-29T19:53:29.410Z]   "duration": "454"
[2025-07-29T19:53:29.410Z] }
[2025-07-29T19:53:42.228Z] Executing HTTP request: {
[2025-07-29T19:53:42.228Z]   "requestId": "3b082b32-35f0-4ef2-a944-8cec3fc733fb",
[2025-07-29T19:53:42.229Z]   "method": "POST",
[2025-07-29T19:53:42.229Z]   "userAgent": "curl/8.5.0",
[2025-07-29T19:53:42.230Z]   "uri": "/api/auth/register"
[2025-07-29T19:53:42.230Z] }
[2025-07-29T19:53:42.233Z] Executing 'Functions.RegisterUser' (Reason='This function was programmatically called via the host APIs.', Id=6292ef3b-c00a-4f6e-a65e-66e635cc73b2)
[2025-07-29T19:53:42.592Z] [05:53:42 INF] core.jarvis.Data.Schema.PostgreSqlTableManager Adding 13 missing fields to table account_component {"AzureFunctions_InvocationId": "6292ef3b-c00a-4f6e-a65e-66e635cc73b2", "AzureFunctions_FunctionName": "RegisterUser", "ThreadId": 27, "MachineName": "DESKTOP-6PTDT3G", "EnvironmentName": "Test"}
[2025-07-29T19:53:42.969Z] [05:53:42 WRN] core.jarvis.Data.AuditService Failed to log audit event ACCOUNT_CREATED for entity 4e4e32fa-de38-4379-a7e0-86e4a34a5524 after retries {"AzureFunctions_InvocationId": "6292ef3b-c00a-4f6e-a65e-66e635cc73b2", "AzureFunctions_FunctionName": "RegisterUser", "ThreadId": 22, "MachineName": "DESKTOP-6PTDT3G", "EnvironmentName": "Test"}
[2025-07-29T19:53:42.970Z] Npgsql.PostgresException (0x80004005): 42P01: relation "audit_event_component" does not exist
[2025-07-29T19:53:42.971Z] POSITION: 27
[2025-07-29T19:53:42.971Z]    at Npgsql.Internal.NpgsqlConnector.ReadMessageLong(Boolean async, DataRowLoadingMode dataRowLoadingMode, Boolean readingNotifications, Boolean isReadingPrependedMessage)
[2025-07-29T19:53:42.971Z]    at System.Runtime.CompilerServices.PoolingAsyncValueTaskMethodBuilder`1.StateMachineBox`1.System.Threading.Tasks.Sources.IValueTaskSource<TResult>.GetResult(Int16 token)
[2025-07-29T19:53:42.972Z]    at Npgsql.NpgsqlDataReader.NextResult(Boolean async, Boolean isConsuming, CancellationToken cancellationToken)
[2025-07-29T19:53:42.974Z]    at Npgsql.NpgsqlDataReader.NextResult(Boolean async, Boolean isConsuming, CancellationToken cancellationToken)
[2025-07-29T19:53:42.974Z]    at Npgsql.NpgsqlCommand.ExecuteReader(Boolean async, CommandBehavior behavior, CancellationToken cancellationToken)
[2025-07-29T19:53:42.975Z]    at Npgsql.NpgsqlCommand.ExecuteReader(Boolean async, CommandBehavior behavior, CancellationToken cancellationToken)
[2025-07-29T19:53:42.975Z] Executed 'Functions.RegisterUser' (Succeeded, Id=6292ef3b-c00a-4f6e-a65e-66e635cc73b2, Duration=743ms)
[2025-07-29T19:53:42.975Z]    at Npgsql.NpgsqlCommand.ExecuteNonQuery(Boolean async, CancellationToken cancellationToken)
[2025-07-29T19:53:42.975Z]    at Dapper.SqlMapper.ExecuteImplAsync(IDbConnection cnn, CommandDefinition command, Object param) in /_/Dapper/SqlMapper.Async.cs:line 662
[2025-07-29T19:53:42.976Z]    at core.jarvis.data.PgTable`1.UpsertWithIdConflict(T entity) in /mnt/c/code/risksec/jarvis/core.jarvis.data/PgTable.cs:line 836
[2025-07-29T19:53:42.976Z]    at core.jarvis.data.PgTable`1.Upsert(T entity) in /mnt/c/code/risksec/jarvis/core.jarvis.data/PgTable.cs:line 712
[2025-07-29T19:53:42.976Z] Executed HTTP request: {
[2025-07-29T19:53:42.976Z]    at core.jarvis.Data.AuditService.LogEvent(String eventType, Guid entityId, Object metadata) in /mnt/c/code/risksec/jarvis/core.jarvis/Data/AuditService.cs:line 78
[2025-07-29T19:53:42.977Z]   "requestId": "3b082b32-35f0-4ef2-a944-8cec3fc733fb",
[2025-07-29T19:53:42.977Z]   "identities": "",
[2025-07-29T19:53:42.978Z]   "status": "201",
[2025-07-29T19:53:42.979Z]   "duration": "748"
[2025-07-29T19:53:42.979Z] }
[2025-07-29T19:53:42.977Z]   Exception data:
[2025-07-29T19:53:42.979Z]     Severity: ERROR
[2025-07-29T19:53:42.981Z]     SqlState: 42P01
[2025-07-29T19:53:42.981Z]     MessageText: relation "audit_event_component" does not exist
[2025-07-29T19:53:42.981Z]     Position: 27
[2025-07-29T19:53:42.982Z]     File: parse_relation.c
[2025-07-29T19:53:42.982Z]     Line: 1392
[2025-07-29T19:53:42.982Z]     Routine: parserOpenTable
[2025-07-29T19:53:42.983Z] [05:53:42 INF] core.jarvis.api.Handlers.AccountHandler Registered new account a24c33df-a473-4bd5-94ea-ac2420667780 for entity 4e4e32fa-de38-4379-a7e0-86e4a34a5524 with email test@example.com - INACTIVE {"AzureFunctions_InvocationId": "6292ef3b-c00a-4f6e-a65e-66e635cc73b2", "AzureFunctions_FunctionName": "RegisterUser", "ThreadId": 22, "MachineName": "DESKTOP-6PTDT3G", "EnvironmentName": "Test"}
[2025-07-29T19:53:57.299Z] Executing HTTP request: {
[2025-07-29T19:53:57.301Z]   "requestId": "ff36cc1f-6cc1-405f-a5c9-3e10bd23194c",
[2025-07-29T19:53:57.301Z]   "method": "POST",
[2025-07-29T19:53:57.301Z]   "userAgent": "curl/8.5.0",
[2025-07-29T19:53:57.302Z]   "uri": "/api/security/auth"
[2025-07-29T19:53:57.302Z] }
[2025-07-29T19:53:57.303Z] Executing 'Functions.auth' (Reason='This function was programmatically called via the host APIs.', Id=4353c888-052b-46ae-9850-87e8f5f0795b)
[2025-07-29T19:53:57.610Z] [05:53:57 INF] core.jarvis.Data.Schema.PostgreSqlTableManager Adding 17 missing fields to table auth_token_component {"AzureFunctions_InvocationId": "4353c888-052b-46ae-9850-87e8f5f0795b", "AzureFunctions_FunctionName": "auth", "ThreadId": 22, "MachineName": "DESKTOP-6PTDT3G", "EnvironmentName": "Test"}
[2025-07-29T19:53:57.961Z] [05:53:57 WRN] core.jarvis.Data.AuditService Failed to log audit event AUTHTOKEN_CREATED for entity 4e4e32fa-de38-4379-a7e0-86e4a34a5524 after retries {"AzureFunctions_InvocationId": "4353c888-052b-46ae-9850-87e8f5f0795b", "AzureFunctions_FunctionName": "auth", "ThreadId": 22, "MachineName": "DESKTOP-6PTDT3G", "EnvironmentName": "Test"}
[2025-07-29T19:53:57.965Z] Npgsql.PostgresException (0x80004005): 42P01: relation "audit_event_component" does not exist
[2025-07-29T19:53:57.969Z] POSITION: 27
[2025-07-29T19:53:57.969Z]    at Npgsql.Internal.NpgsqlConnector.ReadMessageLong(Boolean async, DataRowLoadingMode dataRowLoadingMode, Boolean readingNotifications, Boolean isReadingPrependedMessage)
[2025-07-29T19:53:57.970Z]    at System.Runtime.CompilerServices.PoolingAsyncValueTaskMethodBuilder`1.StateMachineBox`1.System.Threading.Tasks.Sources.IValueTaskSource<TResult>.GetResult(Int16 token)
[2025-07-29T19:53:57.970Z]    at Npgsql.NpgsqlDataReader.NextResult(Boolean async, Boolean isConsuming, CancellationToken cancellationToken)
[2025-07-29T19:53:57.971Z]    at Npgsql.NpgsqlDataReader.NextResult(Boolean async, Boolean isConsuming, CancellationToken cancellationToken)
[2025-07-29T19:53:57.971Z]    at Npgsql.NpgsqlCommand.ExecuteReader(Boolean async, CommandBehavior behavior, CancellationToken cancellationToken)
[2025-07-29T19:53:57.972Z]    at Npgsql.NpgsqlCommand.ExecuteReader(Boolean async, CommandBehavior behavior, CancellationToken cancellationToken)
[2025-07-29T19:53:57.972Z]    at Npgsql.NpgsqlCommand.ExecuteNonQuery(Boolean async, CancellationToken cancellationToken)
[2025-07-29T19:53:57.973Z]    at Dapper.SqlMapper.ExecuteImplAsync(IDbConnection cnn, CommandDefinition command, Object param) in /_/Dapper/SqlMapper.Async.cs:line 662
[2025-07-29T19:53:57.974Z]    at core.jarvis.data.PgTable`1.UpsertWithIdConflict(T entity) in /mnt/c/code/risksec/jarvis/core.jarvis.data/PgTable.cs:line 836
[2025-07-29T19:53:57.974Z]    at core.jarvis.data.PgTable`1.Upsert(T entity) in /mnt/c/code/risksec/jarvis/core.jarvis.data/PgTable.cs:line 712
[2025-07-29T19:53:57.975Z]    at core.jarvis.Data.AuditService.LogEvent(String eventType, Guid entityId, Object metadata) in /mnt/c/code/risksec/jarvis/core.jarvis/Data/AuditService.cs:line 78
[2025-07-29T19:53:57.975Z]   Exception data:
[2025-07-29T19:53:57.975Z]     Severity: ERROR
[2025-07-29T19:53:57.976Z]     SqlState: 42P01
[2025-07-29T19:53:57.976Z]     MessageText: relation "audit_event_component" does not exist
[2025-07-29T19:53:57.976Z]     Position: 27
[2025-07-29T19:53:57.977Z]     File: parse_relation.c
[2025-07-29T19:53:57.977Z]     Line: 1392
[2025-07-29T19:53:57.977Z]     Routine: parserOpenTable
[2025-07-29T19:53:57.977Z] [05:53:57 INF] core.jarvis.Data.Schema.PostgreSqlTableManager Creating table security_audit_event_component for component SecurityAuditEvent {"AzureFunctions_InvocationId": "4353c888-052b-46ae-9850-87e8f5f0795b", "AzureFunctions_FunctionName": "auth", "ThreadId": 22, "MachineName": "DESKTOP-6PTDT3G", "EnvironmentName": "Test"}
[2025-07-29T19:53:57.999Z] [05:53:57 INF] core.jarvis.Data.Schema.PostgreSqlTableManager Successfully created table security_audit_event_component {"AzureFunctions_InvocationId": "4353c888-052b-46ae-9850-87e8f5f0795b", "AzureFunctions_FunctionName": "auth", "ThreadId": 22, "MachineName": "DESKTOP-6PTDT3G", "EnvironmentName": "Test"}
[2025-07-29T19:53:58.324Z] [05:53:58 WRN] core.jarvis.Data.AuditService Failed to log audit event SECURITYAUDITEVENT_CREATED for entity 4e4e32fa-de38-4379-a7e0-86e4a34a5524 after retries {"AzureFunctions_InvocationId": "4353c888-052b-46ae-9850-87e8f5f0795b", "AzureFunctions_FunctionName": "auth", "ThreadId": 25, "MachineName": "DESKTOP-6PTDT3G", "EnvironmentName": "Test"}
[2025-07-29T19:53:58.325Z] Npgsql.PostgresException (0x80004005): 42P01: relation "audit_event_component" does not exist
[2025-07-29T19:53:58.325Z] POSITION: 27
[2025-07-29T19:53:58.326Z]    at Npgsql.Internal.NpgsqlConnector.ReadMessageLong(Boolean async, DataRowLoadingMode dataRowLoadingMode, Boolean readingNotifications, Boolean isReadingPrependedMessage)
[2025-07-29T19:53:58.326Z]    at System.Runtime.CompilerServices.PoolingAsyncValueTaskMethodBuilder`1.StateMachineBox`1.System.Threading.Tasks.Sources.IValueTaskSource<TResult>.GetResult(Int16 token)
[2025-07-29T19:53:58.326Z]    at Npgsql.NpgsqlDataReader.NextResult(Boolean async, Boolean isConsuming, CancellationToken cancellationToken)
[2025-07-29T19:53:58.327Z]    at Npgsql.NpgsqlDataReader.NextResult(Boolean async, Boolean isConsuming, CancellationToken cancellationToken)
[2025-07-29T19:53:58.327Z]    at Npgsql.NpgsqlCommand.ExecuteReader(Boolean async, CommandBehavior behavior, CancellationToken cancellationToken)
[2025-07-29T19:53:58.327Z]    at Npgsql.NpgsqlCommand.ExecuteReader(Boolean async, CommandBehavior behavior, CancellationToken cancellationToken)
[2025-07-29T19:53:58.328Z]    at Npgsql.NpgsqlCommand.ExecuteNonQuery(Boolean async, CancellationToken cancellationToken)
[2025-07-29T19:53:58.328Z]    at Dapper.SqlMapper.ExecuteImplAsync(IDbConnection cnn, CommandDefinition command, Object param) in /_/Dapper/SqlMapper.Async.cs:line 662
[2025-07-29T19:53:58.328Z]    at core.jarvis.data.PgTable`1.UpsertWithIdConflict(T entity) in /mnt/c/code/risksec/jarvis/core.jarvis.data/PgTable.cs:line 836
[2025-07-29T19:53:58.329Z]    at core.jarvis.data.PgTable`1.Upsert(T entity) in /mnt/c/code/risksec/jarvis/core.jarvis.data/PgTable.cs:line 712
[2025-07-29T19:53:58.329Z]    at core.jarvis.Data.AuditService.LogEvent(String eventType, Guid entityId, Object metadata) in /mnt/c/code/risksec/jarvis/core.jarvis/Data/AuditService.cs:line 78
[2025-07-29T19:53:58.329Z]   Exception data:
[2025-07-29T19:53:58.330Z]     Severity: ERROR
[2025-07-29T19:53:58.330Z]     SqlState: 42P01
[2025-07-29T19:53:58.330Z]     MessageText: relation "audit_event_component" does not exist
[2025-07-29T19:53:58.331Z]     Position: 27
[2025-07-29T19:53:58.332Z]     File: parse_relation.c
[2025-07-29T19:53:58.332Z]     Line: 1392
[2025-07-29T19:53:58.332Z]     Routine: parserOpenTable
[2025-07-29T19:53:58.337Z] [05:53:58 INF] core.jarvis.api.Systems.AuthSystem User authenticated successfully: 4e4e32fa-de38-4379-a7e0-86e4a34a5524 {"AzureFunctions_InvocationId": "4353c888-052b-46ae-9850-87e8f5f0795b", "AzureFunctions_FunctionName": "auth", "ThreadId": 25, "MachineName": "DESKTOP-6PTDT3G", "EnvironmentName": "Test"}
[2025-07-29T19:53:58.391Z] Executed 'Functions.auth' (Succeeded, Id=4353c888-052b-46ae-9850-87e8f5f0795b, Duration=1088ms)
[2025-07-29T19:53:58.393Z] Executed HTTP request: {
[2025-07-29T19:53:58.393Z]   "requestId": "ff36cc1f-6cc1-405f-a5c9-3e10bd23194c",
[2025-07-29T19:53:58.395Z]   "identities": "",
[2025-07-29T19:53:58.396Z]   "status": "200",
[2025-07-29T19:53:58.396Z]   "duration": "1094"
[2025-07-29T19:53:58.397Z] }
[2025-07-29T19:55:50.377Z] Executing HTTP request: {
[2025-07-29T19:55:50.378Z]   "requestId": "5170f4d8-30eb-4af6-9c6f-970823b96c62",
[2025-07-29T19:55:50.378Z]   "method": "GET",
[2025-07-29T19:55:50.378Z]   "userAgent": "curl/8.5.0",
[2025-07-29T19:55:50.378Z]   "uri": "/api/security/auth"
[2025-07-29T19:55:50.379Z] }
[2025-07-29T19:55:50.379Z] Executed HTTP request: {
[2025-07-29T19:55:50.380Z]   "requestId": "5170f4d8-30eb-4af6-9c6f-970823b96c62",
[2025-07-29T19:55:50.380Z]   "identities": "",
[2025-07-29T19:55:50.380Z]   "status": "404",
[2025-07-29T19:55:50.381Z]   "duration": "2"
[2025-07-29T19:55:50.381Z] }
[2025-07-29T19:55:57.359Z] Executing HTTP request: {
[2025-07-29T19:55:57.360Z]   "requestId": "8c3d5cf4-1928-4f65-aa5c-06a9eebd25bb",
[2025-07-29T19:55:57.360Z]   "method": "POST",
[2025-07-29T19:55:57.360Z]   "userAgent": "curl/8.5.0",
[2025-07-29T19:55:57.361Z]   "uri": "/api/security/auth"
[2025-07-29T19:55:57.361Z] }
[2025-07-29T19:55:57.362Z] Executing 'Functions.auth' (Reason='This function was programmatically called via the host APIs.', Id=d2332722-6ffe-47a0-93cf-fcc3c5154a7b)
[2025-07-29T19:55:57.612Z] [05:55:57 INF] core.jarvis.Data.Schema.PostgreSqlTableManager Adding 17 missing fields to table auth_token_component {"AzureFunctions_InvocationId": "d2332722-6ffe-47a0-93cf-fcc3c5154a7b", "AzureFunctions_FunctionName": "auth", "ThreadId": 22, "MachineName": "DESKTOP-6PTDT3G", "EnvironmentName": "Test"}
[2025-07-29T19:55:57.957Z] [05:55:57 WRN] core.jarvis.Data.AuditService Failed to log audit event AUTHTOKEN_CREATED for entity 4e4e32fa-de38-4379-a7e0-86e4a34a5524 after retries {"AzureFunctions_InvocationId": "d2332722-6ffe-47a0-93cf-fcc3c5154a7b", "AzureFunctions_FunctionName": "auth", "ThreadId": 23, "MachineName": "DESKTOP-6PTDT3G", "EnvironmentName": "Test"}
[2025-07-29T19:55:57.958Z] Npgsql.PostgresException (0x80004005): 42P01: relation "audit_event_component" does not exist
[2025-07-29T19:55:57.960Z] POSITION: 27
[2025-07-29T19:55:57.961Z]    at Npgsql.Internal.NpgsqlConnector.ReadMessageLong(Boolean async, DataRowLoadingMode dataRowLoadingMode, Boolean readingNotifications, Boolean isReadingPrependedMessage)
[2025-07-29T19:55:57.966Z]    at System.Runtime.CompilerServices.PoolingAsyncValueTaskMethodBuilder`1.StateMachineBox`1.System.Threading.Tasks.Sources.IValueTaskSource<TResult>.GetResult(Int16 token)
[2025-07-29T19:55:57.969Z]    at Npgsql.NpgsqlDataReader.NextResult(Boolean async, Boolean isConsuming, CancellationToken cancellationToken)
[2025-07-29T19:55:57.973Z]    at Npgsql.NpgsqlDataReader.NextResult(Boolean async, Boolean isConsuming, CancellationToken cancellationToken)
[2025-07-29T19:55:57.974Z]    at Npgsql.NpgsqlCommand.ExecuteReader(Boolean async, CommandBehavior behavior, CancellationToken cancellationToken)
[2025-07-29T19:55:57.976Z]    at Npgsql.NpgsqlCommand.ExecuteReader(Boolean async, CommandBehavior behavior, CancellationToken cancellationToken)
[2025-07-29T19:55:57.977Z]    at Npgsql.NpgsqlCommand.ExecuteNonQuery(Boolean async, CancellationToken cancellationToken)
[2025-07-29T19:55:57.978Z]    at Dapper.SqlMapper.ExecuteImplAsync(IDbConnection cnn, CommandDefinition command, Object param) in /_/Dapper/SqlMapper.Async.cs:line 662
[2025-07-29T19:55:57.979Z]    at core.jarvis.data.PgTable`1.UpsertWithIdConflict(T entity) in /mnt/c/code/risksec/jarvis/core.jarvis.data/PgTable.cs:line 836
[2025-07-29T19:55:57.980Z]    at core.jarvis.data.PgTable`1.Upsert(T entity) in /mnt/c/code/risksec/jarvis/core.jarvis.data/PgTable.cs:line 712
[2025-07-29T19:55:57.980Z]    at core.jarvis.Data.AuditService.LogEvent(String eventType, Guid entityId, Object metadata) in /mnt/c/code/risksec/jarvis/core.jarvis/Data/AuditService.cs:line 78
[2025-07-29T19:55:57.981Z]   Exception data:
[2025-07-29T19:55:57.981Z]     Severity: ERROR
[2025-07-29T19:55:57.982Z]     SqlState: 42P01
[2025-07-29T19:55:57.982Z]     MessageText: relation "audit_event_component" does not exist
[2025-07-29T19:55:57.983Z]     Position: 27
[2025-07-29T19:55:57.983Z]     File: parse_relation.c
[2025-07-29T19:55:57.984Z]     Line: 1392
[2025-07-29T19:55:57.984Z]     Routine: parserOpenTable
[2025-07-29T19:55:57.984Z] [05:55:57 INF] core.jarvis.Data.Schema.PostgreSqlTableManager Adding 16 missing fields to table security_audit_event_component {"AzureFunctions_InvocationId": "d2332722-6ffe-47a0-93cf-fcc3c5154a7b", "AzureFunctions_FunctionName": "auth", "ThreadId": 23, "MachineName": "DESKTOP-6PTDT3G", "EnvironmentName": "Test"}
[2025-07-29T19:55:58.312Z] [05:55:58 WRN] core.jarvis.Data.AuditService Failed to log audit event SECURITYAUDITEVENT_CREATED for entity 4e4e32fa-de38-4379-a7e0-86e4a34a5524 after retries {"AzureFunctions_InvocationId": "d2332722-6ffe-47a0-93cf-fcc3c5154a7b", "AzureFunctions_FunctionName": "auth", "ThreadId": 22, "MachineName": "DESKTOP-6PTDT3G", "EnvironmentName": "Test"}
[2025-07-29T19:55:58.313Z] Npgsql.PostgresException (0x80004005): 42P01: relation "audit_event_component" does not exist
[2025-07-29T19:55:58.313Z] POSITION: 27
[2025-07-29T19:55:58.313Z]    at Npgsql.Internal.NpgsqlConnector.ReadMessageLong(Boolean async, DataRowLoadingMode dataRowLoadingMode, Boolean readingNotifications, Boolean isReadingPrependedMessage)
[2025-07-29T19:55:58.314Z]    at System.Runtime.CompilerServices.PoolingAsyncValueTaskMethodBuilder`1.StateMachineBox`1.System.Threading.Tasks.Sources.IValueTaskSource<TResult>.GetResult(Int16 token)
[2025-07-29T19:55:58.314Z]    at Npgsql.NpgsqlDataReader.NextResult(Boolean async, Boolean isConsuming, CancellationToken cancellationToken)
[2025-07-29T19:55:58.315Z]    at Npgsql.NpgsqlDataReader.NextResult(Boolean async, Boolean isConsuming, CancellationToken cancellationToken)
[2025-07-29T19:55:58.315Z]    at Npgsql.NpgsqlCommand.ExecuteReader(Boolean async, CommandBehavior behavior, CancellationToken cancellationToken)
[2025-07-29T19:55:58.315Z]    at Npgsql.NpgsqlCommand.ExecuteReader(Boolean async, CommandBehavior behavior, CancellationToken cancellationToken)
[2025-07-29T19:55:58.315Z]    at Npgsql.NpgsqlCommand.ExecuteNonQuery(Boolean async, CancellationToken cancellationToken)
[2025-07-29T19:55:58.316Z]    at Dapper.SqlMapper.ExecuteImplAsync(IDbConnection cnn, CommandDefinition command, Object param) in /_/Dapper/SqlMapper.Async.cs:line 662
[2025-07-29T19:55:58.316Z]    at core.jarvis.data.PgTable`1.UpsertWithIdConflict(T entity) in /mnt/c/code/risksec/jarvis/core.jarvis.data/PgTable.cs:line 836
[2025-07-29T19:55:58.316Z]    at core.jarvis.data.PgTable`1.Upsert(T entity) in /mnt/c/code/risksec/jarvis/core.jarvis.data/PgTable.cs:line 712
[2025-07-29T19:55:58.316Z]    at core.jarvis.Data.AuditService.LogEvent(String eventType, Guid entityId, Object metadata) in /mnt/c/code/risksec/jarvis/core.jarvis/Data/AuditService.cs:line 78
[2025-07-29T19:55:58.317Z]   Exception data:
[2025-07-29T19:55:58.317Z]     Severity: ERROR
[2025-07-29T19:55:58.317Z]     SqlState: 42P01
[2025-07-29T19:55:58.317Z]     MessageText: relation "audit_event_component" does not exist
[2025-07-29T19:55:58.318Z]     Position: 27
[2025-07-29T19:55:58.318Z]     File: parse_relation.c
[2025-07-29T19:55:58.318Z]     Line: 1392
[2025-07-29T19:55:58.318Z]     Routine: parserOpenTable
[2025-07-29T19:55:58.327Z] [05:55:58 INF] core.jarvis.api.Systems.AuthSystem User authenticated successfully: 4e4e32fa-de38-4379-a7e0-86e4a34a5524 {"AzureFunctions_InvocationId": "d2332722-6ffe-47a0-93cf-fcc3c5154a7b", "AzureFunctions_FunctionName": "auth", "ThreadId": 22, "MachineName": "DESKTOP-6PTDT3G", "EnvironmentName": "Test"}
[2025-07-29T19:55:58.328Z] Executed 'Functions.auth' (Succeeded, Id=d2332722-6ffe-47a0-93cf-fcc3c5154a7b, Duration=966ms)
[2025-07-29T19:55:58.330Z] Executed HTTP request: {
[2025-07-29T19:55:58.331Z]   "requestId": "8c3d5cf4-1928-4f65-aa5c-06a9eebd25bb",
[2025-07-29T19:55:58.331Z]   "identities": "",
[2025-07-29T19:55:58.331Z]   "status": "200",
[2025-07-29T19:55:58.332Z]   "duration": "970"
[2025-07-29T19:55:58.332Z] }
[2025-07-29T19:56:26.718Z] Executing HTTP request: {
[2025-07-29T19:56:26.718Z]   "requestId": "ac6feb6b-c4d8-4824-be6e-b64a4b4663f5",
[2025-07-29T19:56:26.718Z]   "method": "GET",
[2025-07-29T19:56:26.719Z]   "userAgent": "curl/8.5.0",
[2025-07-29T19:56:26.719Z]   "uri": "/api/"
[2025-07-29T19:56:26.719Z] }
[2025-07-29T19:56:26.720Z] Executed HTTP request: {
[2025-07-29T19:56:26.720Z]   "requestId": "ac6feb6b-c4d8-4824-be6e-b64a4b4663f5",
[2025-07-29T19:56:26.720Z]   "identities": "",
[2025-07-29T19:56:26.720Z]   "status": "404",
[2025-07-29T19:56:26.720Z]   "duration": "2"
[2025-07-29T19:56:26.725Z] }
[2025-07-29T19:58:03.788Z] Executing HTTP request: {
[2025-07-29T19:58:03.789Z]   "requestId": "7cf1a49c-b39b-4f62-984b-c287e39e13e8",
[2025-07-29T19:58:03.789Z]   "method": "POST",
[2025-07-29T19:58:03.789Z]   "userAgent": "curl/8.5.0",
[2025-07-29T19:58:03.790Z]   "uri": "/api/security/auth"
[2025-07-29T19:58:03.791Z] }
[2025-07-29T19:58:03.792Z] Executing 'Functions.auth' (Reason='This function was programmatically called via the host APIs.', Id=e5f0df31-597f-47ac-981d-95f4947a07fa)
[2025-07-29T19:58:04.044Z] [05:58:04 INF] core.jarvis.Data.Schema.PostgreSqlTableManager Adding 17 missing fields to table auth_token_component {"AzureFunctions_InvocationId": "e5f0df31-597f-47ac-981d-95f4947a07fa", "AzureFunctions_FunctionName": "auth", "ThreadId": 27, "MachineName": "DESKTOP-6PTDT3G", "EnvironmentName": "Test"}
[2025-07-29T19:58:04.386Z] [05:58:04 WRN] core.jarvis.Data.AuditService Failed to log audit event AUTHTOKEN_CREATED for entity 4e4e32fa-de38-4379-a7e0-86e4a34a5524 after retries {"AzureFunctions_InvocationId": "e5f0df31-597f-47ac-981d-95f4947a07fa", "AzureFunctions_FunctionName": "auth", "ThreadId": 21, "MachineName": "DESKTOP-6PTDT3G", "EnvironmentName": "Test"}
[2025-07-29T19:58:04.389Z] Npgsql.PostgresException (0x80004005): 42P01: relation "audit_event_component" does not exist
[2025-07-29T19:58:04.389Z] POSITION: 27
[2025-07-29T19:58:04.390Z]    at Npgsql.Internal.NpgsqlConnector.ReadMessageLong(Boolean async, DataRowLoadingMode dataRowLoadingMode, Boolean readingNotifications, Boolean isReadingPrependedMessage)
[2025-07-29T19:58:04.392Z]    at System.Runtime.CompilerServices.PoolingAsyncValueTaskMethodBuilder`1.StateMachineBox`1.System.Threading.Tasks.Sources.IValueTaskSource<TResult>.GetResult(Int16 token)
[2025-07-29T19:58:04.393Z]    at Npgsql.NpgsqlDataReader.NextResult(Boolean async, Boolean isConsuming, CancellationToken cancellationToken)
[2025-07-29T19:58:04.395Z]    at Npgsql.NpgsqlDataReader.NextResult(Boolean async, Boolean isConsuming, CancellationToken cancellationToken)
[2025-07-29T19:58:04.398Z]    at Npgsql.NpgsqlCommand.ExecuteReader(Boolean async, CommandBehavior behavior, CancellationToken cancellationToken)
[2025-07-29T19:58:04.400Z]    at Npgsql.NpgsqlCommand.ExecuteReader(Boolean async, CommandBehavior behavior, CancellationToken cancellationToken)
[2025-07-29T19:58:04.402Z]    at Npgsql.NpgsqlCommand.ExecuteNonQuery(Boolean async, CancellationToken cancellationToken)
[2025-07-29T19:58:04.403Z]    at Dapper.SqlMapper.ExecuteImplAsync(IDbConnection cnn, CommandDefinition command, Object param) in /_/Dapper/SqlMapper.Async.cs:line 662
[2025-07-29T19:58:04.404Z]    at core.jarvis.data.PgTable`1.UpsertWithIdConflict(T entity) in /mnt/c/code/risksec/jarvis/core.jarvis.data/PgTable.cs:line 836
[2025-07-29T19:58:04.405Z]    at core.jarvis.data.PgTable`1.Upsert(T entity) in /mnt/c/code/risksec/jarvis/core.jarvis.data/PgTable.cs:line 712
[2025-07-29T19:58:04.406Z]    at core.jarvis.Data.AuditService.LogEvent(String eventType, Guid entityId, Object metadata) in /mnt/c/code/risksec/jarvis/core.jarvis/Data/AuditService.cs:line 78
[2025-07-29T19:58:04.406Z]   Exception data:
[2025-07-29T19:58:04.407Z]     Severity: ERROR
[2025-07-29T19:58:04.407Z]     SqlState: 42P01
[2025-07-29T19:58:04.408Z]     MessageText: relation "audit_event_component" does not exist
[2025-07-29T19:58:04.408Z]     Position: 27
[2025-07-29T19:58:04.408Z]     File: parse_relation.c
[2025-07-29T19:58:04.409Z]     Line: 1392
[2025-07-29T19:58:04.409Z]     Routine: parserOpenTable
[2025-07-29T19:58:04.409Z] [05:58:04 INF] core.jarvis.Data.Schema.PostgreSqlTableManager Adding 16 missing fields to table security_audit_event_component {"AzureFunctions_InvocationId": "e5f0df31-597f-47ac-981d-95f4947a07fa", "AzureFunctions_FunctionName": "auth", "ThreadId": 21, "MachineName": "DESKTOP-6PTDT3G", "EnvironmentName": "Test"}
[2025-07-29T19:58:05.043Z] [05:58:05 WRN] core.jarvis.Data.AuditService Failed to log audit event SECURITYAUDITEVENT_CREATED for entity 4e4e32fa-de38-4379-a7e0-86e4a34a5524 after retries {"AzureFunctions_InvocationId": "e5f0df31-597f-47ac-981d-95f4947a07fa", "AzureFunctions_FunctionName": "auth", "ThreadId": 27, "MachineName": "DESKTOP-6PTDT3G", "EnvironmentName": "Test"}
[2025-07-29T19:58:05.044Z] Npgsql.PostgresException (0x80004005): 42P01: relation "audit_event_component" does not exist
[2025-07-29T19:58:05.045Z] POSITION: 27
[2025-07-29T19:58:05.046Z]    at Npgsql.Internal.NpgsqlConnector.ReadMessageLong(Boolean async, DataRowLoadingMode dataRowLoadingMode, Boolean readingNotifications, Boolean isReadingPrependedMessage)
[2025-07-29T19:58:05.048Z]    at System.Runtime.CompilerServices.PoolingAsyncValueTaskMethodBuilder`1.StateMachineBox`1.System.Threading.Tasks.Sources.IValueTaskSource<TResult>.GetResult(Int16 token)
[2025-07-29T19:58:05.048Z]    at Npgsql.NpgsqlDataReader.NextResult(Boolean async, Boolean isConsuming, CancellationToken cancellationToken)
[2025-07-29T19:58:05.049Z]    at Npgsql.NpgsqlDataReader.NextResult(Boolean async, Boolean isConsuming, CancellationToken cancellationToken)
[2025-07-29T19:58:05.049Z]    at Npgsql.NpgsqlCommand.ExecuteReader(Boolean async, CommandBehavior behavior, CancellationToken cancellationToken)
[2025-07-29T19:58:05.051Z]    at Npgsql.NpgsqlCommand.ExecuteReader(Boolean async, CommandBehavior behavior, CancellationToken cancellationToken)
[2025-07-29T19:58:05.051Z]    at Npgsql.NpgsqlCommand.ExecuteNonQuery(Boolean async, CancellationToken cancellationToken)
[2025-07-29T19:58:05.052Z]    at Dapper.SqlMapper.ExecuteImplAsync(IDbConnection cnn, CommandDefinition command, Object param) in /_/Dapper/SqlMapper.Async.cs:line 662
[2025-07-29T19:58:05.053Z] Executed 'Functions.auth' (Succeeded, Id=e5f0df31-597f-47ac-981d-95f4947a07fa, Duration=1261ms)
[2025-07-29T19:58:05.053Z]    at core.jarvis.data.PgTable`1.UpsertWithIdConflict(T entity) in /mnt/c/code/risksec/jarvis/core.jarvis.data/PgTable.cs:line 836
[2025-07-29T19:58:05.054Z]    at core.jarvis.data.PgTable`1.Upsert(T entity) in /mnt/c/code/risksec/jarvis/core.jarvis.data/PgTable.cs:line 712
[2025-07-29T19:58:05.055Z]    at core.jarvis.Data.AuditService.LogEvent(String eventType, Guid entityId, Object metadata) in /mnt/c/code/risksec/jarvis/core.jarvis/Data/AuditService.cs:line 78
[2025-07-29T19:58:05.055Z] Executed HTTP request: {
[2025-07-29T19:58:05.055Z]   Exception data:
[2025-07-29T19:58:05.055Z]   "requestId": "7cf1a49c-b39b-4f62-984b-c287e39e13e8",
[2025-07-29T19:58:05.056Z]   "identities": "",
[2025-07-29T19:58:05.056Z]   "status": "200",
[2025-07-29T19:58:05.056Z]   "duration": "963"
[2025-07-29T19:58:05.057Z] }
[2025-07-29T19:58:05.056Z]     Severity: ERROR
[2025-07-29T19:58:05.057Z]     SqlState: 42P01
[2025-07-29T19:58:05.058Z]     MessageText: relation "audit_event_component" does not exist
[2025-07-29T19:58:05.058Z]     Position: 27
[2025-07-29T19:58:05.059Z]     File: parse_relation.c
[2025-07-29T19:58:05.059Z]     Line: 1392
[2025-07-29T19:58:05.059Z]     Routine: parserOpenTable
[2025-07-29T19:58:05.060Z] [05:58:05 INF] core.jarvis.api.Systems.AuthSystem User authenticated successfully: 4e4e32fa-de38-4379-a7e0-86e4a34a5524 {"AzureFunctions_InvocationId": "e5f0df31-597f-47ac-981d-95f4947a07fa", "AzureFunctions_FunctionName": "auth", "ThreadId": 27, "MachineName": "DESKTOP-6PTDT3G", "EnvironmentName": "Test"}
[2025-07-29T19:59:20.733Z] Executing HTTP request: {
[2025-07-29T19:59:20.735Z]   "requestId": "27b15e81-ddae-45a0-9f4a-2eb8993942aa",
[2025-07-29T19:59:20.735Z]   "method": "POST",
[2025-07-29T19:59:20.736Z]   "userAgent": "curl/8.5.0",
[2025-07-29T19:59:20.736Z]   "uri": "/api/auth/register"
[2025-07-29T19:59:20.736Z] }
[2025-07-29T19:59:20.737Z] Executing 'Functions.RegisterUser' (Reason='This function was programmatically called via the host APIs.', Id=f4f65117-38c4-47b2-b475-734362334d09)
[2025-07-29T19:59:20.996Z] [05:59:20 INF] core.jarvis.Data.Schema.PostgreSqlTableManager Adding 13 missing fields to table account_component {"AzureFunctions_InvocationId": "f4f65117-38c4-47b2-b475-734362334d09", "AzureFunctions_FunctionName": "RegisterUser", "ThreadId": 26, "MachineName": "DESKTOP-6PTDT3G", "EnvironmentName": "Test"}
[2025-07-29T19:59:21.331Z] [05:59:21 WRN] core.jarvis.Data.AuditService Failed to log audit event ACCOUNT_CREATED for entity 700fed81-9527-44ed-a6da-0bf35c820a0a after retries {"AzureFunctions_InvocationId": "f4f65117-38c4-47b2-b475-734362334d09", "AzureFunctions_FunctionName": "RegisterUser", "ThreadId": 21, "MachineName": "DESKTOP-6PTDT3G", "EnvironmentName": "Test"}
[2025-07-29T19:59:21.333Z] Npgsql.PostgresException (0x80004005): 42P01: relation "audit_event_component" does not exist
[2025-07-29T19:59:21.333Z] POSITION: 27
[2025-07-29T19:59:21.334Z]    at Npgsql.Internal.NpgsqlConnector.ReadMessageLong(Boolean async, DataRowLoadingMode dataRowLoadingMode, Boolean readingNotifications, Boolean isReadingPrependedMessage)
[2025-07-29T19:59:21.334Z] Executed 'Functions.RegisterUser' (Succeeded, Id=f4f65117-38c4-47b2-b475-734362334d09, Duration=597ms)
[2025-07-29T19:59:21.334Z]    at System.Runtime.CompilerServices.PoolingAsyncValueTaskMethodBuilder`1.StateMachineBox`1.System.Threading.Tasks.Sources.IValueTaskSource<TResult>.GetResult(Int16 token)
[2025-07-29T19:59:21.335Z] Executed HTTP request: {
[2025-07-29T19:59:21.336Z]   "requestId": "27b15e81-ddae-45a0-9f4a-2eb8993942aa",
[2025-07-29T19:59:21.336Z]   "identities": "",
[2025-07-29T19:59:21.336Z]   "status": "201",
[2025-07-29T19:59:21.336Z]   "duration": "602"
[2025-07-29T19:59:21.335Z]    at Npgsql.NpgsqlDataReader.NextResult(Boolean async, Boolean isConsuming, CancellationToken cancellationToken)
[2025-07-29T19:59:21.337Z] }
[2025-07-29T19:59:21.337Z]    at Npgsql.NpgsqlDataReader.NextResult(Boolean async, Boolean isConsuming, CancellationToken cancellationToken)
[2025-07-29T19:59:21.338Z]    at Npgsql.NpgsqlCommand.ExecuteReader(Boolean async, CommandBehavior behavior, CancellationToken cancellationToken)
[2025-07-29T19:59:21.339Z]    at Npgsql.NpgsqlCommand.ExecuteReader(Boolean async, CommandBehavior behavior, CancellationToken cancellationToken)
[2025-07-29T19:59:21.339Z]    at Npgsql.NpgsqlCommand.ExecuteNonQuery(Boolean async, CancellationToken cancellationToken)
[2025-07-29T19:59:21.340Z]    at Dapper.SqlMapper.ExecuteImplAsync(IDbConnection cnn, CommandDefinition command, Object param) in /_/Dapper/SqlMapper.Async.cs:line 662
[2025-07-29T19:59:21.340Z]    at core.jarvis.data.PgTable`1.UpsertWithIdConflict(T entity) in /mnt/c/code/risksec/jarvis/core.jarvis.data/PgTable.cs:line 836
[2025-07-29T19:59:21.341Z]    at core.jarvis.data.PgTable`1.Upsert(T entity) in /mnt/c/code/risksec/jarvis/core.jarvis.data/PgTable.cs:line 712
[2025-07-29T19:59:21.341Z]    at core.jarvis.Data.AuditService.LogEvent(String eventType, Guid entityId, Object metadata) in /mnt/c/code/risksec/jarvis/core.jarvis/Data/AuditService.cs:line 78
[2025-07-29T19:59:21.342Z]   Exception data:
[2025-07-29T19:59:21.342Z]     Severity: ERROR
[2025-07-29T19:59:21.343Z]     SqlState: 42P01
[2025-07-29T19:59:21.343Z]     MessageText: relation "audit_event_component" does not exist
[2025-07-29T19:59:21.344Z]     Position: 27
[2025-07-29T19:59:21.344Z]     File: parse_relation.c
[2025-07-29T19:59:21.344Z]     Line: 1392
[2025-07-29T19:59:21.345Z]     Routine: parserOpenTable
[2025-07-29T19:59:21.345Z] [05:59:21 INF] core.jarvis.api.Handlers.AccountHandler Registered new account 3bdc2789-cb6d-4873-9f20-05280d2b2601 for entity 700fed81-9527-44ed-a6da-0bf35c820a0a with email test2@example.com - INACTIVE {"AzureFunctions_InvocationId": "f4f65117-38c4-47b2-b475-734362334d09", "AzureFunctions_FunctionName": "RegisterUser", "ThreadId": 21, "MachineName": "DESKTOP-6PTDT3G", "EnvironmentName": "Test"}
[2025-07-29T20:00:18.660Z] Executing HTTP request: {
[2025-07-29T20:00:18.660Z]   "requestId": "0c3cb27a-dd48-4ed1-86ba-b6b6409f4d19",
[2025-07-29T20:00:18.661Z]   "method": "GET",
[2025-07-29T20:00:18.661Z]   "userAgent": "curl/8.5.0",
[2025-07-29T20:00:18.661Z]   "uri": "/api/swagger/ui"
[2025-07-29T20:00:18.662Z] }
[2025-07-29T20:00:18.663Z] Executing 'Functions.RenderSwaggerUI' (Reason='This function was programmatically called via the host APIs.', Id=ef4237ee-c7f6-4224-8b3c-551ea21c0633)
[2025-07-29T20:00:18.676Z] [06:00:18 INF] OpenApiTriggerFunction SwaggerUI page was requested. {"AzureFunctions_InvocationId": "ef4237ee-c7f6-4224-8b3c-551ea21c0633", "AzureFunctions_FunctionName": "RenderSwaggerUI", "ThreadId": 21, "MachineName": "DESKTOP-6PTDT3G", "EnvironmentName": "Test"}
[2025-07-29T20:00:18.858Z] Executed 'Functions.RenderSwaggerUI' (Succeeded, Id=ef4237ee-c7f6-4224-8b3c-551ea21c0633, Duration=195ms)
[2025-07-29T20:00:18.874Z] Executed HTTP request: {
[2025-07-29T20:00:18.875Z]   "requestId": "0c3cb27a-dd48-4ed1-86ba-b6b6409f4d19",
[2025-07-29T20:00:18.875Z]   "identities": "",
[2025-07-29T20:00:18.875Z]   "status": "200",
[2025-07-29T20:00:18.877Z]   "duration": "214"
[2025-07-29T20:00:18.878Z] }
[2025-07-29T20:00:27.493Z] Executing HTTP request: {
[2025-07-29T20:00:27.494Z]   "requestId": "941ece79-0ae9-45f5-ba03-f5c210e40e40",
[2025-07-29T20:00:27.495Z]   "method": "GET",
[2025-07-29T20:00:27.495Z]   "userAgent": "curl/8.5.0",
[2025-07-29T20:00:27.495Z]   "uri": "/api/swagger.json"
[2025-07-29T20:00:27.496Z] }
[2025-07-29T20:00:27.497Z] Executing 'Functions.RenderSwaggerDocument' (Reason='This function was programmatically called via the host APIs.', Id=57af01d8-651f-4e5c-82d6-9816806c5580)
[2025-07-29T20:00:27.501Z] [06:00:27 INF] OpenApiTriggerFunction swagger.json was requested. {"AzureFunctions_InvocationId": "57af01d8-651f-4e5c-82d6-9816806c5580", "AzureFunctions_FunctionName": "RenderSwaggerDocument", "ThreadId": 20, "MachineName": "DESKTOP-6PTDT3G", "EnvironmentName": "Test"}
[2025-07-29T20:00:27.812Z] Executed 'Functions.RenderSwaggerDocument' (Succeeded, Id=57af01d8-651f-4e5c-82d6-9816806c5580, Duration=315ms)
[2025-07-29T20:00:27.814Z] Executed HTTP request: {
[2025-07-29T20:00:27.815Z]   "requestId": "941ece79-0ae9-45f5-ba03-f5c210e40e40",
[2025-07-29T20:00:27.816Z]   "identities": "",
[2025-07-29T20:00:27.816Z]   "status": "200",
[2025-07-29T20:00:27.816Z]   "duration": "320"
[2025-07-29T20:00:27.817Z] }
[2025-07-29T20:00:33.953Z] Executing HTTP request: {
[2025-07-29T20:00:33.953Z]   "requestId": "afe8f5d9-c300-4c78-8d89-1bd58f39fe8e",
[2025-07-29T20:00:33.953Z]   "method": "GET",
[2025-07-29T20:00:33.954Z]   "userAgent": "curl/8.5.0",
[2025-07-29T20:00:33.954Z]   "uri": "/api/swagger.json"
[2025-07-29T20:00:33.955Z] }
[2025-07-29T20:00:33.956Z] Executing 'Functions.RenderSwaggerDocument' (Reason='This function was programmatically called via the host APIs.', Id=712f89a4-1556-4033-836c-af8f7d717a8e)
[2025-07-29T20:00:33.958Z] [06:00:33 INF] OpenApiTriggerFunction swagger.json was requested. {"AzureFunctions_InvocationId": "712f89a4-1556-4033-836c-af8f7d717a8e", "AzureFunctions_FunctionName": "RenderSwaggerDocument", "ThreadId": 21, "MachineName": "DESKTOP-6PTDT3G", "EnvironmentName": "Test"}
[2025-07-29T20:00:34.047Z] Executed 'Functions.RenderSwaggerDocument' (Succeeded, Id=712f89a4-1556-4033-836c-af8f7d717a8e, Duration=91ms)
[2025-07-29T20:00:34.048Z] Executed HTTP request: {
[2025-07-29T20:00:34.048Z]   "requestId": "afe8f5d9-c300-4c78-8d89-1bd58f39fe8e",
[2025-07-29T20:00:34.048Z]   "identities": "",
[2025-07-29T20:00:34.049Z]   "status": "200",
[2025-07-29T20:00:34.049Z]   "duration": "94"
[2025-07-29T20:00:34.049Z] }
nge of type 'Deleted' detected for '/mnt/c/code/risksec/jarvis/core.jarvis.api/bin/output/Microsoft.Azure.WebJobs.Extensions.OpenApi.Configuration.AppSettings.dll'
[2025-07-29T19:51:12.204Z] Host configuration has changed. Signaling shutdown
[2025-07-29T19:51:12.205Z] Directory change of type 'Deleted' detected for '/mnt/c/code/risksec/jarvis/core.jarvis.api/bin/output/Microsoft.Azure.WebJobs.Extensions.OpenApi.Core.dll'
[2025-07-29T19:51:12.206Z] Host configuration has changed. Signaling shutdown
[2025-07-29T19:51:12.208Z] Directory change of type 'Deleted' detected for '/mnt/c/code/risksec/jarvis/core.jarvis.api/bin/output/Microsoft.Azure.WebJobs.Host.dll'
[2025-07-29T19:51:12.209Z] Host configuration has changed. Signaling shutdown
[2025-07-29T19:51:12.211Z] Directory change of type 'Deleted' detected for '/mnt/c/code/risksec/jarvis/core.jarvis.api/bin/output/Microsoft.Bcl.AsyncInterfaces.dll'
[2025-07-29T19:51:12.211Z] Host configuration has changed. Signaling shutdown
[2025-07-29T19:51:12.213Z] Directory change of type 'Deleted' detected for '/mnt/c/code/risksec/jarvis/core.jarvis.api/bin/output/Microsoft.DotNet.PlatformAbstractions.dll'
[2025-07-29T19:51:12.213Z] Host configuration has changed. Signaling shutdown
[2025-07-29T19:51:12.216Z] Directory change of type 'Deleted' detected for '/mnt/c/code/risksec/jarvis/core.jarvis.api/bin/output/Microsoft.Extensions.DependencyInjection.Abstractions.dll'
[2025-07-29T19:51:12.217Z] Host configuration has changed. Signaling shutdown
[2025-07-29T19:51:12.219Z] Directory change of type 'Deleted' detected for '/mnt/c/code/risksec/jarvis/core.jarvis.api/bin/output/Microsoft.Extensions.DependencyModel.dll'
[2025-07-29T19:51:12.219Z] Host configuration has changed. Signaling shutdown
[2025-07-29T19:51:12.221Z] Directory change of type 'Deleted' detected for '/mnt/c/code/risksec/jarvis/core.jarvis.api/bin/output/Microsoft.Extensions.Logging.Abstractions.dll'
[2025-07-29T19:51:12.222Z] Host configuration has changed. Signaling shutdown
[2025-07-29T19:51:12.226Z] Directory change of type 'Deleted' detected for '/mnt/c/code/risksec/jarvis/core.jarvis.api/bin/output/Microsoft.Extensions.Logging.ApplicationInsights.dll'
[2025-07-29T19:51:12.226Z] Host configuration has changed. Signaling shutdown
[2025-07-29T19:51:13.037Z] Stopping host...
[2025-07-29T19:51:13.041Z] Stopping JobHost
[2025-07-29T19:51:13.044Z] Job host stopped
[2025-07-29T19:51:13.054Z] Host shutdown completed.
[2025-07-29T19:51:13.059Z] Shutting down language worker channels for runtime:dotnet-isolated
[2025-07-29T19:51:19.208Z] Stopping the flush logs timer.
[2025-07-29T19:51:19.209Z] We couldn’t reach the Table service endpoint specified in the 'AzureWebJobsStorage' setting. We are unable to record diagnostic events, so the diagnostic logging service is being stopped. Please confirm network connectivity and endpoint accessibility.
[2025-07-29T19:51:19.210Z] Azure.Core: Connection refused (127.0.0.1:10002). System.Net.Http: Connection refused (127.0.0.1:10002). System.Net.Sockets: Connection refused.
